2026-06-02 03:33:16,088 - [INFO] - httpx - HTTP Request: POST http://testserver/api/v1/auth/register "HTTP/1.1 200 OK"
2026-06-02 03:33:16,418 - [INFO] - httpx - HTTP Request: POST http://testserver/api/v1/auth/login "HTTP/1.1 200 OK"
2026-06-02 03:33:16,448 - [INFO] - httpx - HTTP Request: POST http://testserver/api/v1/jobs/ "HTTP/1.1 200 OK"
2026-06-02 03:33:16,718 - [INFO] - httpx - HTTP Request: POST http://testserver/api/v1/auth/register "HTTP/1.1 200 OK"
2026-06-02 03:33:17,003 - [INFO] - httpx - HTTP Request: POST http://testserver/api/v1/auth/login "HTTP/1.1 200 OK"
2026-06-02 03:33:17,029 - [INFO] - httpx - HTTP Request: POST http://testserver/api/v1/applications/16 "HTTP/1.1 200 OK"
2026-06-02 03:33:17,038 - [INFO] - httpx - HTTP Request: GET http://testserver/api/v1/applications/my-applications "HTTP/1.1 200 OK"
2026-06-02 03:33:17,048 - [INFO] - httpx - HTTP Request: GET http://testserver/api/v1/applications/job/16 "HTTP/1.1 200 OK"
2026-06-02 03:33:17,061 - [INFO] - httpx - HTTP Request: PATCH http://testserver/api/v1/applications/11/status "HTTP/1.1 403 Forbidden"
2026-06-02 03:33:17,350 - [INFO] - httpx - HTTP Request: POST http://testserver/api/v1/auth/register "HTTP/1.1 200 OK"
2026-06-02 03:33:17,628 - [INFO] - httpx - HTTP Request: POST http://testserver/api/v1/auth/register "HTTP/1.1 200 OK"
2026-06-02 03:33:17,628 - [INFO] - httpx - HTTP Request: POST http://testserver/api/v1/auth/register "HTTP/1.1 400 Bad Request"
2026-06-02 03:33:17,908 - [INFO] - httpx - HTTP Request: POST http://testserver/api/v1/auth/register "HTTP/1.1 200 OK"
2026-06-02 03:33:18,188 - [INFO] - httpx - HTTP Request: POST http://testserver/api/v1/auth/login "HTTP/1.1 200 OK"
2026-06-02 03:33:18,198 - [INFO] - httpx - HTTP Request: POST http://testserver/api/v1/jobs/ "HTTP/1.1 200 OK"
2026-06-02 03:33:18,468 - [INFO] - httpx - HTTP Request: POST http://testserver/api/v1/auth/register "HTTP/1.1 200 OK"
2026-06-02 03:33:18,743 - [INFO] - httpx - HTTP Request: POST http://testserver/api/v1/auth/login "HTTP/1.1 200 OK"
2026-06-02 03:33:18,758 - [INFO] - httpx - HTTP Request: POST http://testserver/api/v1/applications/17 "HTTP/1.1 200 OK"
2026-06-02 03:33:19,038 - [INFO] - httpx - HTTP Request: POST http://testserver/api/v1/auth/register "HTTP/1.1 200 OK"
2026-06-02 03:33:19,308 - [INFO] - httpx - HTTP Request: POST http://testserver/api/v1/auth/login "HTTP/1.1 200 OK"
2026-06-02 03:33:19,318 - [INFO] - httpx - HTTP Request: POST http://testserver/api/v1/jobs/ "HTTP/1.1 200 OK"
2026-06-02 03:33:19,588 - [INFO] - httpx - HTTP Request: POST http://testserver/api/v1/auth/register "HTTP/1.1 200 OK"
2026-06-02 03:33:19,871 - [INFO] - httpx - HTTP Request: POST http://testserver/api/v1/auth/login "HTTP/1.1 200 OK"
2026-06-02 03:33:19,888 - [INFO] - httpx - HTTP Request: POST http://testserver/api/v1/profiles/ "HTTP/1.1 200 OK"
2026-06-02 03:33:19,908 - [INFO] - httpx - HTTP Request: POST http://testserver/api/v1/applications/18 "HTTP/1.1 200 OK"
2026-06-02 03:33:19,918 - [INFO] - httpx - HTTP Request: PATCH http://testserver/api/v1/applications/13/status "HTTP/1.1 200 OK"
2026-06-02 08:41:57,283 - [INFO] - DevHireCore - Initializing database schemas and validating table lifecycles...
2026-06-02 08:41:59,105 - [INFO] - httpx - HTTP Request: POST http://testserver/api/v1/auth/register "HTTP/1.1 200 OK"
2026-06-02 08:41:59,626 - [INFO] - httpx - HTTP Request: POST http://testserver/api/v1/auth/login "HTTP/1.1 200 OK"
2026-06-02 08:41:59,663 - [INFO] - httpx - HTTP Request: POST http://testserver/api/v1/jobs/ "HTTP/1.1 200 OK"
2026-06-02 08:41:59,942 - [INFO] - httpx - HTTP Request: POST http://testserver/api/v1/auth/register "HTTP/1.1 200 OK"
2026-06-02 08:42:00,216 - [INFO] - httpx - HTTP Request: POST http://testserver/api/v1/auth/login "HTTP/1.1 200 OK"
2026-06-02 08:42:00,254 - [INFO] - httpx - HTTP Request: POST http://testserver/api/v1/applications/1 "HTTP/1.1 200 OK"
2026-06-02 08:42:00,277 - [INFO] - httpx - HTTP Request: GET http://testserver/api/v1/applications/my-applications "HTTP/1.1 200 OK"
2026-06-02 08:42:00,296 - [INFO] - httpx - HTTP Request: GET http://testserver/api/v1/applications/job/1 "HTTP/1.1 200 OK"
2026-06-02 08:42:00,316 - [INFO] - httpx - HTTP Request: PATCH http://testserver/api/v1/applications/1/status "HTTP/1.1 403 Forbidden"
2026-06-02 08:42:00,600 - [INFO] - httpx - HTTP Request: POST http://testserver/api/v1/auth/register "HTTP/1.1 200 OK"
2026-06-02 08:42:00,882 - [INFO] - httpx - HTTP Request: POST http://testserver/api/v1/auth/register "HTTP/1.1 200 OK"
2026-06-02 08:42:00,890 - [INFO] - httpx - HTTP Request: POST http://testserver/api/v1/auth/register "HTTP/1.1 400 Bad Request"
2026-06-02 08:42:01,171 - [INFO] - httpx - HTTP Request: POST http://testserver/api/v1/auth/register "HTTP/1.1 200 OK"
2026-06-02 08:42:01,550 - [INFO] - httpx - HTTP Request: POST http://testserver/api/v1/auth/login "HTTP/1.1 200 OK"
2026-06-02 08:42:01,564 - [INFO] - httpx - HTTP Request: POST http://testserver/api/v1/jobs/ "HTTP/1.1 200 OK"
2026-06-02 08:42:01,843 - [INFO] - httpx - HTTP Request: POST http://testserver/api/v1/auth/register "HTTP/1.1 200 OK"
2026-06-02 08:42:02,118 - [INFO] - httpx - HTTP Request: POST http://testserver/api/v1/auth/login "HTTP/1.1 200 OK"
2026-06-02 08:42:02,133 - [INFO] - httpx - HTTP Request: POST http://testserver/api/v1/applications/2 "HTTP/1.1 200 OK"
2026-06-02 08:42:02,416 - [INFO] - httpx - HTTP Request: POST http://testserver/api/v1/auth/register "HTTP/1.1 200 OK"
2026-06-02 08:42:02,696 - [INFO] - httpx - HTTP Request: POST http://testserver/api/v1/auth/login "HTTP/1.1 200 OK"
2026-06-02 08:42:02,709 - [INFO] - httpx - HTTP Request: POST http://testserver/api/v1/jobs/ "HTTP/1.1 200 OK"
2026-06-02 08:42:02,989 - [INFO] - httpx - HTTP Request: POST http://testserver/api/v1/auth/register "HTTP/1.1 200 OK"
2026-06-02 08:42:03,264 - [INFO] - httpx - HTTP Request: POST http://testserver/api/v1/auth/login "HTTP/1.1 200 OK"
2026-06-02 08:42:03,300 - [INFO] - httpx - HTTP Request: POST http://testserver/api/v1/profiles/ "HTTP/1.1 200 OK"
2026-06-02 08:42:03,314 - [INFO] - httpx - HTTP Request: POST http://testserver/api/v1/applications/3 "HTTP/1.1 200 OK"
2026-06-02 08:42:03,331 - [INFO] - httpx - HTTP Request: PATCH http://testserver/api/v1/applications/3/status "HTTP/1.1 200 OK"
